INFO:     Will watch for changes in these directories: ['C:\\Users\\bhoom\\Notes\\eKalp\\e-KALP\\backend']
INFO:     Uvicorn running on http://0.0.0.0:8000 (Press CTRL+C to quit)
INFO:     Started reloader process [28492] using WatchFiles
Process SpawnProcess-1:
Traceback (most recent call last):
  File "C:\Python314\Lib\multiprocessing\process.py", line 320, in _bootstrap
    self.run()
    ~~~~~~~~^^
  File "C:\Python314\Lib\multiprocessing\process.py", line 108, in run
    self._target(*self._args, **self._kwargs)
    ~~~~~~~~~~~~^^^^^^^^^^^^^^^^^^^^^^^^^^^^^
  File "C:\Users\bhoom\Notes\eKalp\e-KALP\backend\.venv\Lib\site-packages\uvicorn\_subprocess.py", line 80, in subprocess_started
    target(sockets=sockets)
    ~~~~~~^^^^^^^^^^^^^^^^^
  File "C:\Users\bhoom\Notes\eKalp\e-KALP\backend\.venv\Lib\site-packages\uvicorn\server.py", line 77, in run
    return asyncio_run(self.serve(sockets=sockets), loop_factory=self.config.get_loop_factory())
  File "C:\Python314\Lib\asyncio\runners.py", line 205, in run
    return runner.run(main)
           ~~~~~~~~~~^^^^^^
  File "C:\Python314\Lib\asyncio\runners.py", line 128, in run
    return self._loop.run_until_complete(task)
           ~~~~~~~~~~~~~~~~~~~~~~~~~~~~~^^^^^^
  File "C:\Python314\Lib\asyncio\base_events.py", line 719, in run_until_complete
    return future.result()
           ~~~~~~~~~~~~~^^
  File "C:\Users\bhoom\Notes\eKalp\e-KALP\backend\.venv\Lib\site-packages\uvicorn\server.py", line 81, in serve
    await self._serve(sockets)
  File "C:\Users\bhoom\Notes\eKalp\e-KALP\backend\.venv\Lib\site-packages\uvicorn\server.py", line 88, in _serve
    config.load()
    ~~~~~~~~~~~^^
  File "C:\Users\bhoom\Notes\eKalp\e-KALP\backend\.venv\Lib\site-packages\uvicorn\config.py", line 494, in load
    self.loaded_app = self.load_app()
                      ~~~~~~~~~~~~~^^
  File "C:\Users\bhoom\Notes\eKalp\e-KALP\backend\.venv\Lib\site-packages\uvicorn\config.py", line 428, in load_app
    return import_from_string(self.app)
  File "C:\Users\bhoom\Notes\eKalp\e-KALP\backend\.venv\Lib\site-packages\uvicorn\importer.py", line 19, in import_from_string
    module = importlib.import_module(module_str)
  File "C:\Python314\Lib\importlib\__init__.py", line 88, in import_module
    return _bootstrap._gcd_import(name[level:], package, level)
           ~~~~~~~~~~~~~~~~~~~~~~^^^^^^^^^^^^^^^^^^^^^^^^^^^^^^
  File "<frozen importlib._bootstrap>", line 1406, in _gcd_import
  File "<frozen importlib._bootstrap>", line 1371, in _find_and_load
  File "<frozen importlib._bootstrap>", line 1342, in _find_and_load_unlocked
  File "<frozen importlib._bootstrap>", line 938, in _load_unlocked
  File "<frozen importlib._bootstrap_external>", line 759, in exec_module
  File "<frozen importlib._bootstrap>", line 491, in _call_with_frames_removed
  File "C:\Users\bhoom\Notes\eKalp\e-KALP\backend\main.py", line 7, in <module>
    from routes.ai_test import router as ai_test_router
  File "C:\Users\bhoom\Notes\eKalp\e-KALP\backend\routes\ai_test.py", line 14, in <module>
    from services.nlp.categorization import categorize
  File "C:\Users\bhoom\Notes\eKalp\e-KALP\backend\services\nlp\categorization.py", line 14, in <module>
    from services.nlp.embeddings import (
    ...<2 lines>...
    )
  File "C:\Users\bhoom\Notes\eKalp\e-KALP\backend\services\nlp\embeddings.py", line 6, in <module>
    from sentence_transformers import SentenceTransformer
  File "C:\Users\bhoom\Notes\eKalp\e-KALP\backend\.venv\Lib\site-packages\sentence_transformers\__init__.py", line 10, in <module>
    from sentence_transformers.backend import (
    ...<3 lines>...
    )
  File "C:\Users\bhoom\Notes\eKalp\e-KALP\backend\.venv\Lib\site-packages\sentence_transformers\backend\__init__.py", line 3, in <module>
    from .load import load_onnx_model, load_openvino_model
  File "C:\Users\bhoom\Notes\eKalp\e-KALP\backend\.venv\Lib\site-packages\sentence_transformers\backend\load.py", line 7, in <module>
    from transformers.configuration_utils import PretrainedConfig
  File "C:\Users\bhoom\Notes\eKalp\e-KALP\backend\.venv\Lib\site-packages\transformers\configuration_utils.py", line 32, in <module>
    from .generation.configuration_utils import GenerationConfig
  File "C:\Users\bhoom\Notes\eKalp\e-KALP\backend\.venv\Lib\site-packages\transformers\generation\configuration_utils.py", line 62, in <module>
    from .logits_process import SynthIDTextWatermarkLogitsProcessor, WatermarkLogitsProcessor
  File "C:\Users\bhoom\Notes\eKalp\e-KALP\backend\.venv\Lib\site-packages\transformers\generation\logits_process.py", line 21, in <module>
    import torch
  File "C:\Users\bhoom\Notes\eKalp\e-KALP\backend\.venv\Lib\site-packages\torch\__init__.py", line 309, in <module>
    _load_dll_libraries()
    ~~~~~~~~~~~~~~~~~~~^^
  File "C:\Users\bhoom\Notes\eKalp\e-KALP\backend\.venv\Lib\site-packages\torch\__init__.py", line 292, in _load_dll_libraries
    raise err
OSError: [WinError 4551] An Application Control policy has blocked this file. Error loading "C:\Users\bhoom\Notes\eKalp\e-KALP\backend\.venv\Lib\site-packages\torch\lib\shm.dll" or one of its dependencies.
